// Jest Snapshot v1, https://goo.gl/fbAQLP

exports[`RssListItem should 1`] = `
ShallowWrapper {
  "length": 1,
  Symbol(enzyme.__root__): [Circular],
  Symbol(enzyme.__unrendered__): <RssListItem
    text="test"
    url="https://google/co.jp"
  />,
  Symbol(enzyme.__renderer__): Object {
    "batchedUpdates": [Function],
    "getNode": [Function],
    "render": [Function],
    "simulateEvent": [Function],
    "unmount": [Function],
  },
  Symbol(enzyme.__node__): Object {
    "instance": null,
    "key": undefined,
    "nodeType": "host",
    "props": Object {
      "children": <WithStyles(ListItem)
        component="a"
        href="https://google/co.jp"
      >
        <WithStyles(ListItemText)
          className="RssListItem-Text"
          primary="test"
        />
        <WithStyles(ListItemSecondaryAction)>
          <WithStyles(IconButton)
            aria-label="Delete"
          >
            <pure(Delete) />
          </WithStyles(IconButton)>
        </WithStyles(ListItemSecondaryAction)>
      </WithStyles(ListItem)>,
      "className": "RssListItem",
    },
    "ref": null,
    "rendered": Object {
      "instance": null,
      "key": undefined,
      "nodeType": "class",
      "props": Object {
        "children": Array [
          <WithStyles(ListItemText)
            className="RssListItem-Text"
            primary="test"
          />,
          <WithStyles(ListItemSecondaryAction)>
            <WithStyles(IconButton)
              aria-label="Delete"
            >
              <pure(Delete) />
            </WithStyles(IconButton)>
          </WithStyles(ListItemSecondaryAction)>,
        ],
        "component": "a",
        "href": "https://google/co.jp",
      },
      "ref": null,
      "rendered": Array [
        Object {
          "instance": null,
          "key": undefined,
          "nodeType": "class",
          "props": Object {
            "className": "RssListItem-Text",
            "primary": "test",
          },
          "ref": null,
          "rendered": null,
          "type": [Function],
        },
        Object {
          "instance": null,
          "key": undefined,
          "nodeType": "class",
          "props": Object {
            "children": <WithStyles(IconButton)
              aria-label="Delete"
            >
              <pure(Delete) />
            </WithStyles(IconButton)>,
          },
          "ref": null,
          "rendered": Object {
            "instance": null,
            "key": undefined,
            "nodeType": "class",
            "props": Object {
              "aria-label": "Delete",
              "children": <pure(Delete) />,
            },
            "ref": null,
            "rendered": Object {
              "instance": null,
              "key": undefined,
              "nodeType": "class",
              "props": Object {},
              "ref": null,
              "rendered": null,
              "type": [Function],
            },
            "type": [Function],
          },
          "type": [Function],
        },
      ],
      "type": [Function],
    },
    "type": "div",
  },
  Symbol(enzyme.__nodes__): Array [
    Object {
      "instance": null,
      "key": undefined,
      "nodeType": "host",
      "props": Object {
        "children": <WithStyles(ListItem)
          component="a"
          href="https://google/co.jp"
        >
          <WithStyles(ListItemText)
            className="RssListItem-Text"
            primary="test"
          />
          <WithStyles(ListItemSecondaryAction)>
            <WithStyles(IconButton)
              aria-label="Delete"
            >
              <pure(Delete) />
            </WithStyles(IconButton)>
          </WithStyles(ListItemSecondaryAction)>
        </WithStyles(ListItem)>,
        "className": "RssListItem",
      },
      "ref": null,
      "rendered": Object {
        "instance": null,
        "key": undefined,
        "nodeType": "class",
        "props": Object {
          "children": Array [
            <WithStyles(ListItemText)
              className="RssListItem-Text"
              primary="test"
            />,
            <WithStyles(ListItemSecondaryAction)>
              <WithStyles(IconButton)
                aria-label="Delete"
              >
                <pure(Delete) />
              </WithStyles(IconButton)>
            </WithStyles(ListItemSecondaryAction)>,
          ],
          "component": "a",
          "href": "https://google/co.jp",
        },
        "ref": null,
        "rendered": Array [
          Object {
            "instance": null,
            "key": undefined,
            "nodeType": "class",
            "props": Object {
              "className": "RssListItem-Text",
              "primary": "test",
            },
            "ref": null,
            "rendered": null,
            "type": [Function],
          },
          Object {
            "instance": null,
            "key": undefined,
            "nodeType": "class",
            "props": Object {
              "children": <WithStyles(IconButton)
                aria-label="Delete"
              >
                <pure(Delete) />
              </WithStyles(IconButton)>,
            },
            "ref": null,
            "rendered": Object {
              "instance": null,
              "key": undefined,
              "nodeType": "class",
              "props": Object {
                "aria-label": "Delete",
                "children": <pure(Delete) />,
              },
              "ref": null,
              "rendered": Object {
                "instance": null,
                "key": undefined,
                "nodeType": "class",
                "props": Object {},
                "ref": null,
                "rendered": null,
                "type": [Function],
              },
              "type": [Function],
            },
            "type": [Function],
          },
        ],
        "type": [Function],
      },
      "type": "div",
    },
  ],
  Symbol(enzyme.__options__): Object {
    "adapter": ReactSixteenAdapter {
      "options": Object {
        "enableComponentDidUpdateOnSetState": true,
      },
    },
  },
}
`;
