// Jest Snapshot v1, https://goo.gl/fbAQLP

exports[`Icon should 1`] = `
<div
  className="Icon"
/>
`;
