// Jest Snapshot v1, https://goo.gl/fbAQLP

exports[`RegistedListModal should 1`] = `
ShallowWrapper {
  "length": 1,
  Symbol(enzyme.__root__): [Circular],
  Symbol(enzyme.__unrendered__): <RegistedListModal />,
  Symbol(enzyme.__renderer__): Object {
    "batchedUpdates": [Function],
    "getNode": [Function],
    "render": [Function],
    "simulateEvent": [Function],
    "unmount": [Function],
  },
  Symbol(enzyme.__node__): Object {
    "instance": null,
    "key": undefined,
    "nodeType": "host",
    "props": Object {
      "children": <WithStyles(Dialog)
        aria-labelledby="form-dialog-title"
        onClose={undefined}
        open={undefined}
      >
        <WithStyles(DialogTitle)
          id="form-dialog-title"
        >
          RegistedListModal
        </WithStyles(DialogTitle)>
        <WithStyles(DialogContent)>
          <Input
            name="Name"
          />
          <Input
            name="URL"
          />
        </WithStyles(DialogContent)>
        <WithStyles(DialogActions)>
          <Button
            type="yes"
          />
          <Button
            type="no"
          />
        </WithStyles(DialogActions)>
      </WithStyles(Dialog)>,
      "className": "RegistedListModal",
    },
    "ref": null,
    "rendered": Object {
      "instance": null,
      "key": undefined,
      "nodeType": "class",
      "props": Object {
        "aria-labelledby": "form-dialog-title",
        "children": Array [
          <WithStyles(DialogTitle)
            id="form-dialog-title"
          >
            RegistedListModal
          </WithStyles(DialogTitle)>,
          <WithStyles(DialogContent)>
            <Input
              name="Name"
            />
            <Input
              name="URL"
            />
          </WithStyles(DialogContent)>,
          <WithStyles(DialogActions)>
            <Button
              type="yes"
            />
            <Button
              type="no"
            />
          </WithStyles(DialogActions)>,
        ],
        "onClose": undefined,
        "open": undefined,
      },
      "ref": null,
      "rendered": Array [
        Object {
          "instance": null,
          "key": undefined,
          "nodeType": "class",
          "props": Object {
            "children": "RegistedListModal",
            "id": "form-dialog-title",
          },
          "ref": null,
          "rendered": "RegistedListModal",
          "type": [Function],
        },
        Object {
          "instance": null,
          "key": undefined,
          "nodeType": "class",
          "props": Object {
            "children": Array [
              <Input
                name="Name"
              />,
              <Input
                name="URL"
              />,
            ],
          },
          "ref": null,
          "rendered": Array [
            Object {
              "instance": null,
              "key": undefined,
              "nodeType": "class",
              "props": Object {
                "name": "Name",
              },
              "ref": null,
              "rendered": null,
              "type": [Function],
            },
            Object {
              "instance": null,
              "key": undefined,
              "nodeType": "class",
              "props": Object {
                "name": "URL",
              },
              "ref": null,
              "rendered": null,
              "type": [Function],
            },
          ],
          "type": [Function],
        },
        Object {
          "instance": null,
          "key": undefined,
          "nodeType": "class",
          "props": Object {
            "children": Array [
              <Button
                type="yes"
              />,
              <Button
                type="no"
              />,
            ],
          },
          "ref": null,
          "rendered": Array [
            Object {
              "instance": null,
              "key": undefined,
              "nodeType": "class",
              "props": Object {
                "type": "yes",
              },
              "ref": null,
              "rendered": null,
              "type": [Function],
            },
            Object {
              "instance": null,
              "key": undefined,
              "nodeType": "class",
              "props": Object {
                "type": "no",
              },
              "ref": null,
              "rendered": null,
              "type": [Function],
            },
          ],
          "type": [Function],
        },
      ],
      "type": [Function],
    },
    "type": "div",
  },
  Symbol(enzyme.__nodes__): Array [
    Object {
      "instance": null,
      "key": undefined,
      "nodeType": "host",
      "props": Object {
        "children": <WithStyles(Dialog)
          aria-labelledby="form-dialog-title"
          onClose={undefined}
          open={undefined}
        >
          <WithStyles(DialogTitle)
            id="form-dialog-title"
          >
            RegistedListModal
          </WithStyles(DialogTitle)>
          <WithStyles(DialogContent)>
            <Input
              name="Name"
            />
            <Input
              name="URL"
            />
          </WithStyles(DialogContent)>
          <WithStyles(DialogActions)>
            <Button
              type="yes"
            />
            <Button
              type="no"
            />
          </WithStyles(DialogActions)>
        </WithStyles(Dialog)>,
        "className": "RegistedListModal",
      },
      "ref": null,
      "rendered": Object {
        "instance": null,
        "key": undefined,
        "nodeType": "class",
        "props": Object {
          "aria-labelledby": "form-dialog-title",
          "children": Array [
            <WithStyles(DialogTitle)
              id="form-dialog-title"
            >
              RegistedListModal
            </WithStyles(DialogTitle)>,
            <WithStyles(DialogContent)>
              <Input
                name="Name"
              />
              <Input
                name="URL"
              />
            </WithStyles(DialogContent)>,
            <WithStyles(DialogActions)>
              <Button
                type="yes"
              />
              <Button
                type="no"
              />
            </WithStyles(DialogActions)>,
          ],
          "onClose": undefined,
          "open": undefined,
        },
        "ref": null,
        "rendered": Array [
          Object {
            "instance": null,
            "key": undefined,
            "nodeType": "class",
            "props": Object {
              "children": "RegistedListModal",
              "id": "form-dialog-title",
            },
            "ref": null,
            "rendered": "RegistedListModal",
            "type": [Function],
          },
          Object {
            "instance": null,
            "key": undefined,
            "nodeType": "class",
            "props": Object {
              "children": Array [
                <Input
                  name="Name"
                />,
                <Input
                  name="URL"
                />,
              ],
            },
            "ref": null,
            "rendered": Array [
              Object {
                "instance": null,
                "key": undefined,
                "nodeType": "class",
                "props": Object {
                  "name": "Name",
                },
                "ref": null,
                "rendered": null,
                "type": [Function],
              },
              Object {
                "instance": null,
                "key": undefined,
                "nodeType": "class",
                "props": Object {
                  "name": "URL",
                },
                "ref": null,
                "rendered": null,
                "type": [Function],
              },
            ],
            "type": [Function],
          },
          Object {
            "instance": null,
            "key": undefined,
            "nodeType": "class",
            "props": Object {
              "children": Array [
                <Button
                  type="yes"
                />,
                <Button
                  type="no"
                />,
              ],
            },
            "ref": null,
            "rendered": Array [
              Object {
                "instance": null,
                "key": undefined,
                "nodeType": "class",
                "props": Object {
                  "type": "yes",
                },
                "ref": null,
                "rendered": null,
                "type": [Function],
              },
              Object {
                "instance": null,
                "key": undefined,
                "nodeType": "class",
                "props": Object {
                  "type": "no",
                },
                "ref": null,
                "rendered": null,
                "type": [Function],
              },
            ],
            "type": [Function],
          },
        ],
        "type": [Function],
      },
      "type": "div",
    },
  ],
  Symbol(enzyme.__options__): Object {
    "adapter": ReactSixteenAdapter {
      "options": Object {
        "enableComponentDidUpdateOnSetState": true,
      },
    },
  },
}
`;
