// Jest Snapshot v1, https://goo.gl/fbAQLP

exports[`Button should 1`] = `
ShallowWrapper {
  "length": 1,
  Symbol(enzyme.__root__): [Circular],
  Symbol(enzyme.__unrendered__): <Button
    type="yes"
  />,
  Symbol(enzyme.__renderer__): Object {
    "batchedUpdates": [Function],
    "getNode": [Function],
    "render": [Function],
    "simulateEvent": [Function],
    "unmount": [Function],
  },
  Symbol(enzyme.__node__): Object {
    "instance": null,
    "key": undefined,
    "nodeType": "host",
    "props": Object {
      "children": <WithStyles(Button)
        style={
          Object {
            "background": "#448AFF",
            "borderRadius": "5px",
            "color": "white",
          }
        }
        variant="raised"
      >
        Yes
      </WithStyles(Button)>,
      "className": "Button",
    },
    "ref": null,
    "rendered": Object {
      "instance": null,
      "key": undefined,
      "nodeType": "class",
      "props": Object {
        "children": "Yes",
        "style": Object {
          "background": "#448AFF",
          "borderRadius": "5px",
          "color": "white",
        },
        "variant": "raised",
      },
      "ref": null,
      "rendered": "Yes",
      "type": [Function],
    },
    "type": "div",
  },
  Symbol(enzyme.__nodes__): Array [
    Object {
      "instance": null,
      "key": undefined,
      "nodeType": "host",
      "props": Object {
        "children": <WithStyles(Button)
          style={
            Object {
              "background": "#448AFF",
              "borderRadius": "5px",
              "color": "white",
            }
          }
          variant="raised"
        >
          Yes
        </WithStyles(Button)>,
        "className": "Button",
      },
      "ref": null,
      "rendered": Object {
        "instance": null,
        "key": undefined,
        "nodeType": "class",
        "props": Object {
          "children": "Yes",
          "style": Object {
            "background": "#448AFF",
            "borderRadius": "5px",
            "color": "white",
          },
          "variant": "raised",
        },
        "ref": null,
        "rendered": "Yes",
        "type": [Function],
      },
      "type": "div",
    },
  ],
  Symbol(enzyme.__options__): Object {
    "adapter": ReactSixteenAdapter {
      "options": Object {
        "enableComponentDidUpdateOnSetState": true,
      },
    },
  },
}
`;

exports[`Button should 2`] = `
ShallowWrapper {
  "length": 1,
  Symbol(enzyme.__root__): [Circular],
  Symbol(enzyme.__unrendered__): <Button
    type="yes"
  />,
  Symbol(enzyme.__renderer__): Object {
    "batchedUpdates": [Function],
    "getNode": [Function],
    "render": [Function],
    "simulateEvent": [Function],
    "unmount": [Function],
  },
  Symbol(enzyme.__node__): Object {
    "instance": null,
    "key": undefined,
    "nodeType": "host",
    "props": Object {
      "children": <WithStyles(Button)
        style={
          Object {
            "background": "#448AFF",
            "borderRadius": "5px",
            "color": "white",
          }
        }
        variant="raised"
      >
        Yes
      </WithStyles(Button)>,
      "className": "Button",
    },
    "ref": null,
    "rendered": Object {
      "instance": null,
      "key": undefined,
      "nodeType": "class",
      "props": Object {
        "children": "Yes",
        "style": Object {
          "background": "#448AFF",
          "borderRadius": "5px",
          "color": "white",
        },
        "variant": "raised",
      },
      "ref": null,
      "rendered": "Yes",
      "type": [Function],
    },
    "type": "div",
  },
  Symbol(enzyme.__nodes__): Array [
    Object {
      "instance": null,
      "key": undefined,
      "nodeType": "host",
      "props": Object {
        "children": <WithStyles(Button)
          style={
            Object {
              "background": "#448AFF",
              "borderRadius": "5px",
              "color": "white",
            }
          }
          variant="raised"
        >
          Yes
        </WithStyles(Button)>,
        "className": "Button",
      },
      "ref": null,
      "rendered": Object {
        "instance": null,
        "key": undefined,
        "nodeType": "class",
        "props": Object {
          "children": "Yes",
          "style": Object {
            "background": "#448AFF",
            "borderRadius": "5px",
            "color": "white",
          },
          "variant": "raised",
        },
        "ref": null,
        "rendered": "Yes",
        "type": [Function],
      },
      "type": "div",
    },
  ],
  Symbol(enzyme.__options__): Object {
    "adapter": ReactSixteenAdapter {
      "options": Object {
        "enableComponentDidUpdateOnSetState": true,
      },
    },
  },
}
`;
