// Jest Snapshot v1, https://goo.gl/fbAQLP

exports[`Input 初期値入力済み確認 1`] = `
<div
  className="Input"
>
  <TextField
    id="test"
    label="test"
    onChange={[Function]}
    required={true}
    select={false}
    value=""
  />
</div>
`;
