// Jest Snapshot v1, https://goo.gl/fbAQLP

exports[`snapshot 1`] = `
<div
  className="ui feed"
>
  <div
    className="event"
  >
    <div
      className="label icon"
    >
      <img
        src="http://www.google.com/s2/favicons?domain=xxx"
      />
    </div>
    <div
      className="content"
    >
      <div
        className="summary"
      >
        name1
        <div
          className="date"
        >
          1 Hour Ago
        </div>
      </div>
      <div
        className="extra"
      >
        <a
          href="javascript:void(0);"
          onClick={[Function]}
        >
          title1
        </a>
      </div>
    </div>
  </div>
  <div
    className="ui divider"
  />
</div>
`;
