// Jest Snapshot v1, https://goo.gl/fbAQLP

exports[`modal open 1`] = `"<div class=\\"ui modal transition visible active background\\"><div class=\\"header\\">RssList</div><div class=\\"scrolling content\\"><div><ul class=\\"rssInputList\\"><li><button class=\\"ui blue mini button\\" role=\\"button\\"><i aria-hidden=\\"true\\" class=\\"remove icon\\"></i>Delete</button><a href=\\"#\\">test</a></li></ul><ul class=\\"rssInputList\\"><li><div class=\\"ui left labeled input rssInputTag\\"><div class=\\"ui tag label\\">Name</div><input type=\\"text\\" value=\\"\\" placeholder=\\"Enter Name\\"></div></li><li><div class=\\"ui left labeled input rssInputTag\\"><div class=\\"ui tag label\\">URL</div><input type=\\"text\\" value=\\"\\" placeholder=\\"Enter URL\\"></div></li></ul></div></div><div class=\\"actions\\"><button class=\\"ui red button\\" role=\\"button\\"><i aria-hidden=\\"true\\" class=\\"remove icon\\"></i>No</button><button class=\\"ui green button\\" role=\\"button\\"><i aria-hidden=\\"true\\" class=\\"checkmark icon\\"></i>Yes</button></div></div>"`;

exports[`snapshot 1`] = `
<i
  aria-hidden="true"
  className="yellow rss icon"
  onBlur={[Function]}
  onClick={[Function]}
  onFocus={[Function]}
  onMouseEnter={[Function]}
  onMouseLeave={[Function]}
/>
`;
